added manifest
adding: app/(in = 0) (out= 0)(stored 0%)
adding: app/App.class(in = 1687) (out= 943)(deflated 44%)
adding: app/Generator.class(in = 346) (out= 248)(deflated 28%)
adding: app/animation/(in = 0) (out= 0)(stored 0%)
adding: app/animation/AnimationCharacter.class(in = 2102) (out= 992)(deflated 52%)
adding: app/animation/AnimationEight.class(in = 2079) (out= 991)(deflated 52%)
adding: app/animation/AnimationGame.class(in = 9188) (out= 4002)(deflated 56%)
adding: app/animation/AnimationMenu.class(in = 6535) (out= 3064)(deflated 53%)
adding: app/animation/AnimationScoring.class(in = 2728) (out= 1191)(deflated 56%)
adding: app/animation/AnimationSetting.class(in = 3582) (out= 1473)(deflated 58%)
adding: app/controller/(in = 0) (out= 0)(stored 0%)
adding: app/controller/MenuController.class(in = 2708) (out= 1334)(deflated 50%)
adding: app/controller/SinglePlayGameController.class(in = 29550) (out= 13587)(deflated 54%)
adding: app/model/(in = 0) (out= 0)(stored 0%)
adding: app/model/CPU_Msg.class(in = 9980) (out= 5223)(deflated 47%)
adding: app/model/Card.class(in = 1618) (out= 934)(deflated 42%)
adding: app/model/CardObserver.class(in = 180) (out= 143)(deflated 20%)
adding: app/model/Chat.class(in = 953) (out= 521)(deflated 45%)
adding: app/model/ChatObserver.class(in = 178) (out= 143)(deflated 19%)
adding: app/model/Deck.class(in = 1442) (out= 845)(deflated 41%)
adding: app/model/DeckObserver.class(in = 138) (out= 119)(deflated 13%)
adding: app/model/DummyCard.class(in = 1524) (out= 777)(deflated 49%)
adding: app/model/GameStatusManager.class(in = 2345) (out= 1066)(deflated 54%)
adding: app/model/Log.class(in = 789) (out= 465)(deflated 41%)
adding: app/model/LogObserver.class(in = 174) (out= 140)(deflated 19%)
adding: app/model/Music.class(in = 1136) (out= 664)(deflated 41%)
adding: app/model/Player.class(in = 3912) (out= 1993)(deflated 49%)
adding: app/model/PlayerObserver.class(in = 161) (out= 128)(deflated 20%)
adding: app/model/Setting.class(in = 573) (out= 322)(deflated 43%)
adding: app/model/State.class(in = 966) (out= 546)(deflated 43%)
adding: app/style/(in = 0) (out= 0)(stored 0%)
adding: app/style/StyleCharacter.class(in = 700) (out= 430)(deflated 38%)
adding: app/style/StyleEight.class(in = 600) (out= 397)(deflated 33%)
adding: app/style/StyleGame.class(in = 2452) (out= 839)(deflated 65%)
adding: app/style/StyleMenu.class(in = 1333) (out= 652)(deflated 51%)
adding: app/style/StyleScoring.class(in = 1240) (out= 620)(deflated 50%)
adding: app/style/StyleSetting.class(in = 2720) (out= 881)(deflated 67%)
adding: app/view/(in = 0) (out= 0)(stored 0%)
adding: app/view/CharacterChooseView.class(in = 4032) (out= 1991)(deflated 50%)
adding: app/view/ChooseEightView.class(in = 3043) (out= 1448)(deflated 52%)
adding: app/view/MenuView.class(in = 4724) (out= 2252)(deflated 52%)
adding: app/view/PlayerHandView.class(in = 1897) (out= 1010)(deflated 46%)
adding: app/view/PlayerScoreView.class(in = 2822) (out= 1431)(deflated 49%)
adding: app/view/PlayerStatusView.class(in = 3768) (out= 1943)(deflated 48%)
adding: app/view/ScoringView.class(in = 5027) (out= 2574)(deflated 48%)
adding: app/view/SettingView.class(in = 6840) (out= 3292)(deflated 51%)
adding: app/view/SinglePlayGameView.class(in = 17432) (out= 7858)(deflated 54%)
ignoring entry META-INF/
ignoring entry META-INF/MANIFEST.MF
adding: avatar/(in = 0) (out= 0)(stored 0%)
adding: avatar/User-01.png(in = 32081) (out= 32091)(deflated 0%)
adding: avatar/User-02.png(in = 30198) (out= 29938)(deflated 0%)
adding: avatar/User-03.png(in = 27652) (out= 27662)(deflated 0%)
adding: avatar/User-04.png(in = 32008) (out= 32018)(deflated 0%)
adding: avatar/User-05.png(in = 30144) (out= 30154)(deflated 0%)
adding: avatar/User-06.png(in = 35913) (out= 35653)(deflated 0%)
adding: avatar/User-07.png(in = 36147) (out= 35903)(deflated 0%)
adding: background/(in = 0) (out= 0)(stored 0%)
adding: background/menu_background.png(in = 575779) (out= 568711)(deflated 1%)
adding: button/(in = 0) (out= 0)(stored 0%)
adding: button/back.png(in = 615) (out= 585)(deflated 4%)
adding: button/restart.png(in = 1428) (out= 1433)(deflated 0%)
adding: button/settings.png(in = 1854) (out= 1859)(deflated 0%)
adding: button/volume-off.png(in = 650) (out= 624)(deflated 4%)
adding: button/volume-on.png(in = 1179) (out= 1184)(deflated 0%)
adding: card/(in = 0) (out= 0)(stored 0%)
adding: card/Card-0-0.png(in = 45669) (out= 45207)(deflated 1%)
adding: card/Card-0-1.png(in = 45603) (out= 45103)(deflated 1%)
adding: card/Card-0-10.png(in = 45252) (out= 44793)(deflated 1%)
adding: card/Card-0-11.png(in = 46020) (out= 45547)(deflated 1%)
adding: card/Card-0-12.png(in = 45541) (out= 45060)(deflated 1%)
adding: card/Card-0-2.png(in = 45860) (out= 45435)(deflated 0%)
adding: card/Card-0-3.png(in = 45243) (out= 44704)(deflated 1%)
adding: card/Card-0-4.png(in = 45705) (out= 45350)(deflated 0%)
adding: card/Card-0-5.png(in = 45860) (out= 45486)(deflated 0%)
adding: card/Card-0-6.png(in = 45288) (out= 44657)(deflated 1%)
adding: card/Card-0-7.png(in = 45868) (out= 45393)(deflated 1%)
adding: card/Card-0-8.png(in = 45857) (out= 45463)(deflated 0%)
adding: card/Card-0-9.png(in = 45819) (out= 45403)(deflated 0%)
adding: card/Card-1-0.png(in = 45541) (out= 45188)(deflated 0%)
adding: card/Card-1-1.png(in = 46656) (out= 46400)(deflated 0%)
adding: card/Card-1-10.png(in = 46535) (out= 46211)(deflated 0%)
adding: card/Card-1-11.png(in = 47234) (out= 46993)(deflated 0%)
adding: card/Card-1-12.png(in = 46752) (out= 46468)(deflated 0%)
adding: card/Card-1-2.png(in = 47106) (out= 46845)(deflated 0%)
adding: card/Card-1-3.png(in = 46459) (out= 46182)(deflated 0%)
adding: card/Card-1-4.png(in = 46938) (out= 46687)(deflated 0%)
adding: card/Card-1-5.png(in = 47043) (out= 46795)(deflated 0%)
adding: card/Card-1-6.png(in = 46558) (out= 46300)(deflated 0%)
adding: card/Card-1-7.png(in = 47212) (out= 46981)(deflated 0%)
adding: card/Card-1-8.png(in = 47102) (out= 46834)(deflated 0%)
adding: card/Card-1-9.png(in = 47108) (out= 46885)(deflated 0%)
adding: card/Card-2-0.png(in = 45259) (out= 44775)(deflated 1%)
adding: card/Card-2-1.png(in = 45237) (out= 44783)(deflated 1%)
adding: card/Card-2-10.png(in = 44850) (out= 44315)(deflated 1%)
adding: card/Card-2-11.png(in = 45636) (out= 45254)(deflated 0%)
adding: card/Card-2-12.png(in = 45159) (out= 44560)(deflated 1%)
adding: card/Card-2-2.png(in = 45528) (out= 45040)(deflated 1%)
adding: card/Card-2-3.png(in = 44818) (out= 44235)(deflated 1%)
adding: card/Card-2-4.png(in = 45366) (out= 44921)(deflated 0%)
adding: card/Card-2-5.png(in = 45454) (out= 45044)(deflated 0%)
adding: card/Card-2-6.png(in = 44892) (out= 44294)(deflated 1%)
adding: card/Card-2-7.png(in = 45580) (out= 45159)(deflated 0%)
adding: card/Card-2-8.png(in = 45535) (out= 44970)(deflated 1%)
adding: card/Card-2-9.png(in = 45444) (out= 45074)(deflated 0%)
adding: card/Card-3-0.png(in = 45774) (out= 45377)(deflated 0%)
adding: card/Card-3-1.png(in = 45719) (out= 45299)(deflated 0%)
adding: card/Card-3-10.png(in = 45345) (out= 44870)(deflated 1%)
adding: card/Card-3-11.png(in = 46128) (out= 45764)(deflated 0%)
adding: card/Card-3-12.png(in = 45639) (out= 44987)(deflated 1%)
adding: card/Card-3-2.png(in = 45985) (out= 45578)(deflated 0%)
adding: card/Card-3-3.png(in = 45349) (out= 44927)(deflated 0%)
adding: card/Card-3-4.png(in = 45829) (out= 45497)(deflated 0%)
adding: card/Card-3-5.png(in = 45956) (out= 45553)(deflated 0%)
adding: card/Card-3-6.png(in = 45386) (out= 44879)(deflated 1%)
adding: card/Card-3-7.png(in = 45993) (out= 45527)(deflated 1%)
adding: card/Card-3-8.png(in = 45990) (out= 45614)(deflated 0%)
adding: card/Card-3-9.png(in = 45984) (out= 45586)(deflated 0%)
adding: card/Card-Back.png(in = 97748) (out= 97703)(deflated 0%)
adding: card/Card-Deck.png(in = 170624) (out= 170513)(deflated 0%)
adding: card/Card-Empty.png(in = 43685) (out= 42797)(deflated 2%)
adding: font/(in = 0) (out= 0)(stored 0%)
adding: font/CookieRun-Regular.ttf(in = 2259616) (out= 580672)(deflated 74%)
adding: font/LilitaOne-Regular.ttf(in = 26828) (out= 14552)(deflated 45%)
adding: icon/(in = 0) (out= 0)(stored 0%)
adding: icon/icon.png(in = 39175) (out= 38329)(deflated 2%)
adding: sound/(in = 0) (out= 0)(stored 0%)
adding: sound/music.mp3(in = 6428492) (out= 6416626)(deflated 0%)
